[DB] Mode: auto, Neon strict: false
[DB] No DATABASE_URL configured
--- STARTING V2 AUTO TEST ---
Waiting for DB initialization...
Test Server running on http://localhost:34007

[1] Testing POST /api/exam/start...
[DB] No connection configured

--- TEST FAILED ---
Error: /start failed: 503 {"error":"DB unavailable for V2"}
    at runTest (G:\japanesePractice\server\test-v2.js:73:19)
    at process.processTicksAndRejections (node:internal/process/task_queues:105:5)
