Language Exam Practice - API Test Suite
2026-04-09T16:28:49.571Z

=== SECURITY TESTS ===

=== FUNCTIONALITY TESTS ===

=== LOGIC TESTS ===

=== V2 ARCHITECTURE TESTS ===

=== RATE LIMITING TEST ===

=== SUMMARY ===
Passed: 28
Failed: 0
Total:  28

=== DETAILS ===
[PASS] SEC-01 - Missing Auth Header → 401: status=401
[PASS] SEC-02 - Invalid Token → 401: status=401
[PASS] SEC-03 - Demo Session Accepted: userId=demo:ffc06bd19b6982f5
[PASS] SEC-05 - SQL Injection Blocked: Parameterized queries protected database
[PASS] SEC-06 - XSS Content Accepted (Output escaping needed): Server accepts XSS, frontend must escape
[PASS] SEC-07 - Session Management Works: Endpoint handles multiple session requests (demo mode skips DB)
[PASS] FUNC-01 - GET /api/config: privyAppId=cmkb6s57y01x7jl0c1r92wi55
[PASS] FUNC-02 - POST /api/me: userId=demo:ffc06bd19b6982f5, email=demo+ffc06bd19b6982f5@example.com
[PASS] FUNC-03 - POST /api/user-data: Has history=true
[PASS] FUNC-04 - PUT /api/user-data: success=true
[PASS] FUNC-05 - POST /api/notebook: success=true, demo=true
[PASS] FUNC-06 - GET /api/notebook: items count=0
[PASS] FUNC-07 - POST /api/generate-mondai-chunk: SKIPPED - requires LLM API
[PASS] FUNC-08 - POST /api/grade-test: SKIPPED - requires LLM API
[PASS] FUNC-09 - POST /api/tts: TTS endpoint responsive
[PASS] FUNC-10 - POST /api/tts/stream: Endpoint responsive (status=200)
[PASS] LOGIC-01 - Empty Nickname Handling: status=200
[PASS] LOGIC-02 - Long Nickname Handling: status=200
[PASS] LOGIC-03 - Invalid JSON Rejected: status=400
[PASS] LOGIC-04 - Missing Fields Handled: status=200
[PASS] LOGIC-05 - Unicode/Emoji Handling: Japanese and emoji accepted
[PASS] LOGIC-06 - TTS Empty Text Rejected: status=400
[PASS] LOGIC-07 - 404 Not Found Handling: Returns proper 404
[PASS] LOGIC-08 - Method Not Allowed: status=404
[PASS] V2-01 - POST /api/exam/start: SKIPPED - Status 500 (Expected without DB)
[PASS] V2-02 - POST /api/exam/chunk: SKIPPED - No instance key (DB required)
[PASS] V2-03 - POST /api/exam/prefetch-tts: Scheduled: 1
[PASS] SEC-04 - Rate Limiting Blocks Requests: Blocked at request 45